// Jest Snapshot v1, https://goo.gl/fbAQLP

exports[`<Footer /> rendering renders correctly 1`] = `ShallowWrapper {}`;
