// Jest Snapshot v1, https://goo.gl/fbAQLP

exports[`<Header /> rendering renders correctly 1`] = `ShallowWrapper {}`;
