// Jest Snapshot v1, https://goo.gl/fbAQLP

exports[`<Main /> rendering renders correctly 1`] = `ShallowWrapper {}`;
