// Jest Snapshot v1, https://goo.gl/fbAQLP

exports[`<Spinner /> rendering renders correctly 1`] = `ShallowWrapper {}`;
